Microchip MPLAB XC8 Compiler V3.10

Linker command line:

-W-3 \
  --edf=C:\Program Files\Microchip\xc8\v3.10\pic\dat\20250813170317_en.msgs \
  -cn -h+dist/default/debug\microwave.X.debug.sym \
  --cmf=dist/default/debug\microwave.X.debug.cmf -z -Q16F877A \
  -oC:\Users\HP\AppData\Local\Temp\xcAs7vg.0\driver_tmp_3.o \
  --defsym=__MPLAB_BUILD=1 --fixupoverflow=error \
  -Mdist/default/debug/microwave.X.debug.map \
  --md=C:\Users\HP\AppData\Local\Temp\xcAs7vg.0\driver_tmp_0.dat -E1 \
  -ver=XC8 Compiler -ACODE=00h-07FFhx4 -ASTRCODE=00h-01FFFh \
  -ASTRING=00h-0FFhx32 -ACONST=00h-0FFhx32 -AENTRY=00h-0FFhx32 \
  -ACOMMON=070h-07Fh -ABANK0=020h-06Fh -ABANK1=0A0h-0EFh \
  -ABANK2=0110h-016Fh -ABANK3=0190h-01EFh \
  -ARAM=020h-06Fh,0A0h-0EFh,0110h-016Fh,0190h-01EFh \
  -AABS1=020h-07Fh,0A0h-0EFh,0110h-016Fh,0190h-01EFh -ASFR0=00h-01Fh \
  -ASFR1=080h-09Fh -ASFR2=0100h-010Fh -ASFR3=0180h-018Fh \
  -ACONFIG=02007h-02007h -DCONFIG=2 -AIDLOC=02000h-02003h -DIDLOC=2 \
  -AEEDATA=00h-0FFh/02100h -peeprom_data=EEDATA -DEEDATA=2 -DCODE=2 \
  -DSTRCODE=2 -DSTRING=2 -DCONST=2 -DENTRY=2 \
  -preset_vec=00h,intentry=04h,sivt,init,end_init -ppowerup=CODE \
  -pcinit=CODE -pfunctab=ENTRY -k \
  C:\Users\HP\AppData\Local\Temp\xcAs7vg.0\driver_tmp_12.o \
  dist/default/debug\microwave.X.debug.o 

Object code version is 3.11

Machine type is 16F877A



                Name                               Link     Load   Length Selector   Space Scale
C:\Users\HP\AppData\Local\Temp\xcAs7vg.0\driver_tmp_12.o
                end_init                              C        C        3        8       0
                reset_vec                             0        0        3        0       0
                config                             2007     2007        1        0       4
dist/default/debug\microwave.X.debug.o
                cinit                                 F        F       1C        8       0
                intentry                              4        4        8        8       0
                config                             2007     2007        1        0       4
                text23                              F17      F17       29     1E2E       0
                text22                              7BA      7BA       36      4AC       0
                text21                              757      757       63      4AC       0
                text20                              E7C      E7C        B     1CF8       0
                text19                              7F0      7F0       10      4AC       0
                text18                              E87      E87        B     1D0E       0
                text17                              EA3      EA3       12     1D46       0
                text16                              E92      E92       11     1D24       0
                text15                              F40      F40       2F     1E80       0
                text14                              256      256      149      4AC       0
                text13                              FB6      FB6       4A     1F6C       0
                text12                              EDB      EDB       15     1DB6       0
                text11                               2B       2B       58        8       0
                text10                               DA       DA       24        8       0
                text9                               5DD      5DD       AC      4AC       0
                text8                               EF0      EF0       27     1DE0       0
                text7                               E6C      E6C        8     1CD8       0
                text6                               6F4      6F4       63      4AC       0
                text5                                83       83       57        8       0
                text4                               4C4      4C4      119      4AC       0
                text3                               EB5      EB5       13     1D6A       0
                text2                               39F      39F      125      4AC       0
                text1                               F6F      F6F       47     1EDE       0
                maintext                            689      689       6B      4AC       0
                cstackBANK0                          38       38        8       20       1
                cstackCOMMON                         70       70        A       70       1
                clrtext                             E74      E74        8     1CE8       0
                inittext                            EC8      EC8       13     1D90       0
                dataBANK0                            40       40        7       20       1
                bssBANK0                             20       20       18       20       1
                bssCOMMON                            7A       7A        2       70       1
                stringtext                          100      100      156        2       0
                strings                             800      800       12     1000       0
                idataBANK0                          E65      E65        7     1CCA       0

TOTAL           Name                               Link     Load   Length     Space
        CLASS   CODE           
                end_init                              C        C        3         0
                cinit                                 F        F       1C         0
                intentry                              4        4        8         0
                reset_vec                             0        0        3         0
                text23                              F17      F17       29         0
                text22                              7BA      7BA       36         0
                text21                              757      757       63         0
                text20                              E7C      E7C        B         0
                text19                              7F0      7F0       10         0
                text18                              E87      E87        B         0
                text17                              EA3      EA3       12         0
                text16                              E92      E92       11         0
                text15                              F40      F40       2F         0
                text14                              256      256      149         0
                text13                              FB6      FB6       4A         0
                text12                              EDB      EDB       15         0
                text11                               2B       2B       58         0
                text10                               DA       DA       24         0
                text9                               5DD      5DD       AC         0
                text8                               EF0      EF0       27         0
                text7                               E6C      E6C        8         0
                text6                               6F4      6F4       63         0
                text5                                83       83       57         0
                text4                               4C4      4C4      119         0
                text3                               EB5      EB5       13         0
                text2                               39F      39F      125         0
                text1                               F6F      F6F       47         0
                maintext                            689      689       6B         0
                clrtext                             E74      E74        8         0
                inittext                            EC8      EC8       13         0
                idataBANK0                          E65      E65        7         0

        CLASS   STRCODE        
                stringtext                          100      100      156         0

        CLASS   STRING         
                strings                             800      800       12         0

        CLASS   CONST          

        CLASS   ENTRY          

        CLASS   COMMON         
                cstackCOMMON                         70       70        A         1
                bssCOMMON                            7A       7A        2         1

        CLASS   BANK0          
                cstackBANK0                          38       38        8         1
                dataBANK0                            40       40        7         1
                bssBANK0                             20       20       18         1

        CLASS   BANK1          

        CLASS   BANK2          

        CLASS   BANK3          

        CLASS   RAM            

        CLASS   ABS1           
                abs_s1                               7E       7E        2         1

        CLASS   SFR0           

        CLASS   SFR1           

        CLASS   SFR2           

        CLASS   SFR3           

        CLASS   CONFIG         
                config                             2007     2007        1         4

        CLASS   IDLOC          

        CLASS   EEDATA         

        CLASS   HEAP           

        CLASS   STACK          



SEGMENTS        Name                           Load    Length   Top    Selector   Space  Class     Delta

                reset_vec                      000000  000003  000003         0       0  CODE        2
                intentry                       000004  0000FA  0000FE         8       0  CODE        2
                bssBANK0                       000020  000027  000047        20       1  BANK0       1
                cstackCOMMON                   000070  00000C  00007C        70       1  COMMON      1
                stringtext                     000100  000156  000256         2       0  STRCODE     2
                text14                         000256  0005AA  000800       4AC       0  CODE        2
                strings                        000800  000012  000812      1000       0  STRING      2
                idataBANK0                     000E65  000007  000E6C      1CCA       0  CODE        2
                text7                          000E6C  000008  000E74      1CD8       0  CODE        2
                clrtext                        000E74  000008  000E7C      1CE8       0  CODE        2
                text20                         000E7C  00000B  000E87      1CF8       0  CODE        2
                text18                         000E87  00000B  000E92      1D0E       0  CODE        2
                text16                         000E92  000011  000EA3      1D24       0  CODE        2
                text17                         000EA3  000012  000EB5      1D46       0  CODE        2
                text3                          000EB5  000013  000EC8      1D6A       0  CODE        2
                inittext                       000EC8  000013  000EDB      1D90       0  CODE        2
                text12                         000EDB  000015  000EF0      1DB6       0  CODE        2
                text8                          000EF0  000027  000F17      1DE0       0  CODE        2
                text23                         000F17  000029  000F40      1E2E       0  CODE        2
                text15                         000F40  00002F  000F6F      1E80       0  CODE        2
                text1                          000F6F  000047  000FB6      1EDE       0  CODE        2
                text13                         000FB6  00004A  001000      1F6C       0  CODE        2


UNUSED ADDRESS RANGES

        Name                Unused          Largest block    Delta
        BANK0            0047-006F             29           1
        BANK1            00A0-00EF             50           1
        BANK2            0110-016F             60           1
        BANK3            0190-01EF             60           1
        CODE             0003-0003              1           2
                         00FE-00FF              2
                         0812-0E64            653
                         1000-1FFF            800
        COMMON           007C-007D              2           1
        CONST            0003-0003              1           2
                         00FE-00FF              2
                         0812-0E64            100
                         1000-1FFF            100
        EEDATA           2100-21FF            100           2
        ENTRY            0003-0003              1           2
                         00FE-00FF              2
                         0812-0E64            100
                         1000-1FFF            100
        IDLOC            2000-2003              4           2
        RAM              0047-006F             29           1
                         00A0-00EF             50
                         0110-016F             60
                         0190-01EF             60
        SFR0             0000-001F             20           1
        SFR1             0080-009F             20           1
        SFR2             0100-010F             10           1
        SFR3             0180-018F             10           1
        STRCODE          0003-0003              1           2
                         00FE-00FF              2
                         0812-0E64            653
                         1000-1FFF           1000
        STRING           0003-0003              1           2
                         00FE-00FF              2
                         0812-0E64            100
                         1000-1FFF            100

                                  Symbol Table

?___awdiv                        cstackCOMMON 0072
?___awmod                        cstackCOMMON 0072
_GIE                             (abs)        005F
_OPTION_REG                      (abs)        0081
_PEIE                            (abs)        005E
_PORTD                           (abs)        0008
_RB0                             (abs)        0030
_RB1                             (abs)        0031
_RB2                             (abs)        0032
_RD0                             (abs)        0040
_RD1                             (abs)        0041
_RD2                             (abs)        0042
_RD3                             (abs)        0043
_RE1                             (abs)        0049
_RE2                             (abs)        004A
_TMR0                            (abs)        0001
_TMR0IE                          (abs)        005D
_TMR0IF                          (abs)        005A
_TRISB                           (abs)        0086
_TRISD                           (abs)        0088
_TRISE1                          (abs)        0449
_TRISE2                          (abs)        044A
__H__absolute__                  __absolute__ 0000
__Habs1                          abs1         0000
__Hbank0                         bank0        0000
__Hbank1                         bank1        0000
__Hbank2                         bank2        0000
__Hbank3                         bank3        0000
__HbssBANK0                      bssBANK0     0000
__HbssCOMMON                     bssCOMMON    0000
__Hcinit                         cinit        002B
__Hclrtext                       clrtext      0000
__Hcode                          code         0000
__Hcommon                        common       0000
__Hconfig                        config       2008
__HcstackBANK0                   cstackBANK0  0000
__HcstackCOMMON                  cstackCOMMON 0000
__HdataBANK0                     dataBANK0    0000
__Heeprom_data                   eeprom_data  0000
__Hend_init                      end_init     000F
__Hfunctab                       functab      0000
__Hheap                          heap         0000
__HidataBANK0                    idataBANK0   0000
__Hinit                          init         000C
__Hinittext                      inittext     0000
__Hintentry                      intentry     000C
__Hmaintext                      maintext     0000
__Hpowerup                       powerup      0000
__Hram                           ram          0000
__Hreset_vec                     reset_vec    0003
__Hsfr0                          sfr0         0000
__Hsfr1                          sfr1         0000
__Hsfr2                          sfr2         0000
__Hsfr3                          sfr3         0000
__Hsivt                          sivt         000C
__Hspace_0                       (abs)        1000
__Hspace_1                       (abs)        007C
__Hspace_2                       (abs)        0000
__Hspace_3                       (abs)        0000
__Hspace_4                       (abs)        400F
__Hstack                         stack        0000
__Hstrings                       strings      0000
__Hstringtext                    stringtext   0000
__Htext                          text         0000
__L__absolute__                  __absolute__ 0000
__Labs1                          abs1         0000
__Lbank0                         bank0        0000
__Lbank1                         bank1        0000
__Lbank2                         bank2        0000
__Lbank3                         bank3        0000
__LbssBANK0                      bssBANK0     0000
__LbssCOMMON                     bssCOMMON    0000
__Lcinit                         cinit        000F
__Lclrtext                       clrtext      0000
__Lcode                          code         0000
__Lcommon                        common       0000
__Lconfig                        config       0000
__LcstackBANK0                   cstackBANK0  0000
__LcstackCOMMON                  cstackCOMMON 0000
__LdataBANK0                     dataBANK0    0000
__Leeprom_data                   eeprom_data  0000
__Lend_init                      end_init     000C
__Lfunctab                       functab      0000
__Lheap                          heap         0000
__LidataBANK0                    idataBANK0   0000
__Linit                          init         000C
__Linittext                      inittext     0000
__Lintentry                      intentry     0004
__Lmaintext                      maintext     0000
__Lpowerup                       powerup      0000
__Lram                           ram          0000
__Lreset_vec                     reset_vec    0000
__Lsfr0                          sfr0         0000
__Lsfr1                          sfr1         0000
__Lsfr2                          sfr2         0000
__Lsfr3                          sfr3         0000
__Lsivt                          sivt         000C
__Lspace_0                       (abs)        0000
__Lspace_1                       (abs)        0000
__Lspace_2                       (abs)        0000
__Lspace_3                       (abs)        0000
__Lspace_4                       (abs)        0000
__Lstack                         stack        0000
__Lstrings                       strings      0000
__Lstringtext                    stringtext   0000
__Ltext                          text         0000
__S0                             (abs)        1000
__S1                             (abs)        007C
__S3                             (abs)        0000
___awdiv                         text6        06F4
___awdiv@counter                 cstackCOMMON 0076
___awdiv@dividend                cstackCOMMON 0074
___awdiv@divisor                 cstackCOMMON 0072
___awdiv@quotient                cstackCOMMON 0078
___awdiv@sign                    cstackCOMMON 0077
___awmod                         text5        0083
___awmod@counter                 cstackCOMMON 0076
___awmod@dividend                cstackCOMMON 0074
___awmod@divisor                 cstackCOMMON 0072
___awmod@sign                    cstackCOMMON 0077
___bmul                          text3        0EB5
___bmul@multiplicand             cstackCOMMON 0072
___bmul@multiplier               cstackCOMMON 0074
___bmul@product                  cstackCOMMON 0073
___heap_hi                       (abs)        0000
___heap_lo                       (abs)        0000
___int_sp                        stack        0000
___int_stack_hi                  stack        0000
___int_stack_lo                  stack        0000
___latbits                       (abs)        0002
___sp                            stack        0000
___stack_hi                      stack        0000
___stack_lo                      stack        0000
___stackhi                       (abs)        0000
___stacklo                       (abs)        0000
__end_of___awdiv                 text6        0757
__end_of___awmod                 text5        00DA
__end_of___bmul                  text3        0EC8
__end_of__initialization         cinit        0027
__end_of__stringtab              strings      0812
__end_of_clcd_clear              text16       0EA3
__end_of_clcd_print              text15       0F6F
__end_of_clcd_putch              text12       0EF0
__end_of_clcd_write              text22       07F0
__end_of_init_clcd               text20       0E87
__end_of_init_config             text17       0EB5
__end_of_init_display_controller text21       07BA
__end_of_init_matrix_keypad      text19       0800
__end_of_init_timer_config       text18       0E92
__end_of_isr                     text23       0F40
__end_of_main                    maintext     06F4
__end_of_menu_screen             text14       039F
__end_of_micro_power_screen      text13       1000
__end_of_power_on_screen         text11       0083
__end_of_preheat_screen          text10       00FE
__end_of_read_matrix_keypad      text8        0F17
__end_of_reheat_screen           text7        0E74
__end_of_run_screen              text4        05DD
__end_of_scan_keypad             text9        0689
__end_of_set_time_screen         text2        04C4
__end_of_time_up_screen          text1        0FB6
__initialization                 cinit        000F
__pbssBANK0                      bssBANK0     0020
__pbssCOMMON                     bssCOMMON    007A
__pcstackBANK0                   cstackBANK0  0038
__pcstackCOMMON                  cstackCOMMON 0070
__pdataBANK0                     dataBANK0    0040
__pidataBANK0                    idataBANK0   0E65
__pintentry                      intentry     0004
__pmaintext                      maintext     0689
__pstrings                       strings      0800
__pstringtext                    stringtext   0100
__ptext1                         text1        0F6F
__ptext10                        text10       00DA
__ptext11                        text11       002B
__ptext12                        text12       0EDB
__ptext13                        text13       0FB6
__ptext14                        text14       0256
__ptext15                        text15       0F40
__ptext16                        text16       0E92
__ptext17                        text17       0EA3
__ptext18                        text18       0E87
__ptext19                        text19       07F0
__ptext2                         text2        039F
__ptext20                        text20       0E7C
__ptext21                        text21       0757
__ptext22                        text22       07BA
__ptext23                        text23       0F17
__ptext3                         text3        0EB5
__ptext4                         text4        04C4
__ptext5                         text5        0083
__ptext6                         text6        06F4
__ptext7                         text7        0E6C
__ptext8                         text8        0EF0
__ptext9                         text9        05DD
__stringbase                     strings      0812
__stringtab                      strings      0800
_clcd_clear                      text16       0E92
_clcd_print                      text15       0F40
_clcd_putch                      text12       0EDB
_clcd_write                      text22       07BA
_delay_count                     bssBANK0     0028
_init_clcd                       text20       0E7C
_init_config                     text17       0EA3
_init_display_controller         text21       0757
_init_matrix_keypad              text19       07F0
_init_timer_config               text18       0E87
_isr                             text23       0F17
_main                            maintext     0689
_menu_pos                        bssCOMMON    007B
_menu_screen                     text14       0256
_micro_power_screen              text13       0FB6
_minute                          bssBANK0     0035
_mode                            bssBANK0     0036
_nRBPU                           (abs)        040F
_one_sec_flag                    bssBANK0     0030
_paused                          bssBANK0     0031
_power_on_screen                 text11       002B
_preheat_screen                  text10       00DA
_read_matrix_keypad              text8        0EF0
_reheat_screen                   text7        0E6C
_run_screen                      text4        04C4
_running                         bssBANK0     0032
_scan_keypad                     text9        05DD
_second                          bssBANK0     0034
_set_time_screen                 text2        039F
_state                           bssBANK0     0037
_time_up_screen                  text1        0F6F
btemp                            (abs)        007E
btemp0                           (abs)        007E
btemp1                           (abs)        007F
clcd_print@addr                  cstackCOMMON 0078
clcd_print@str                   cstackCOMMON 0076
clcd_putch@addr                  cstackBANK0  0038
clcd_putch@data                  cstackBANK0  0039
clcd_write@byte                  cstackCOMMON 0075
clcd_write@mode                  cstackCOMMON 0072
clear_ram0                       clrtext      0E74
end_of_initialization            cinit        0027
init_fetch0                      inittext     0EC8
init_ram0                        inittext     0ECC
interrupt_function               intentry     0004
intlevel0                        functab      0000
intlevel1                        functab      0000
intlevel2                        functab      0000
intlevel3                        functab      0000
intlevel4                        functab      0000
intlevel5                        functab      0000
isr@ms                           bssBANK0     0026
ltemp0a                          (abs)        0080
main@key                         cstackBANK0  003F
menu_screen@key                  cstackCOMMON 0079
menu_screen@once                 dataBANK0    0044
micro_power_screen@once          dataBANK0    0043
micro_power_screen@time          bssBANK0     0024
power_on_screen@i                bssCOMMON    007A
power_on_screen@once             dataBANK0    0045
read_matrix_keypad@key           cstackCOMMON 0075
read_matrix_keypad@mode          cstackCOMMON 0074
read_matrix_keypad@once          dataBANK0    0046
reset_vec                        reset_vec    0000
run_screen@key                   cstackBANK0  003C
run_screen@once                  dataBANK0    0041
saved_w                          (abs)        007E
scan_keypad@i                    cstackCOMMON 0072
set_time_screen@blink            bssBANK0     002A
set_time_screen@blink_time       bssBANK0     0022
set_time_screen@digit            bssBANK0     002F
set_time_screen@key              cstackBANK0  003A
set_time_screen@mm_t             bssBANK0     002E
set_time_screen@mm_u             bssBANK0     002D
set_time_screen@once             dataBANK0    0042
set_time_screen@ss_t             bssBANK0     002C
set_time_screen@ss_u             bssBANK0     002B
set_time_screen@value            cstackBANK0  003B
start                            init         000C
start_initialization             cinit        000F
time_up_screen@once              dataBANK0    0040
time_up_screen@timer             bssBANK0     0020
ttemp0a                          (abs)        007F
wtemp0                           (abs)        007E
wtemp0a                          (abs)        007F


MODULE INFORMATION

Module		Function		Class		Link	Load	Size
C:\Program Files\Microchip\xc8\v3.10\pic\sources\c99\common\awmod.c
		___awmod       		CODE           	0083	0000	87

C:\Program Files\Microchip\xc8\v3.10\pic\sources\c99\common\awmod.c estimated size: 87

C:\Program Files\Microchip\xc8\v3.10\pic\sources\c99\common\awdiv.c
		___awdiv       		CODE           	06F4	0000	99

C:\Program Files\Microchip\xc8\v3.10\pic\sources\c99\common\awdiv.c estimated size: 99

mkp.c
		_init_matrix_keypad		CODE           	07F0	0000	16
		_read_matrix_keypad		CODE           	0EF0	0000	39
		_scan_keypad   		CODE           	05DD	0000	172

mkp.c estimated size: 227

C:\Program Files\Microchip\xc8\v3.10\pic\sources\c99\common\Umul8.c
		___bmul        		CODE           	0EB5	0000	19

C:\Program Files\Microchip\xc8\v3.10\pic\sources\c99\common\Umul8.c estimated size: 19

shared
		__stringtab    		STRING         	0800	0000	18
		__initialization		CODE           	000F	0000	24

shared estimated size: 42

clcd.c
		_clcd_clear    		CODE           	0E92	0000	17
		_clcd_write    		CODE           	07BA	0000	54
		_clcd_print    		CODE           	0F40	0000	47
		_clcd_putch    		CODE           	0EDB	0000	21
		_init_display_controller		CODE           	0757	0000	99
		_init_clcd     		CODE           	0E7C	0000	11

clcd.c estimated size: 249

microwave.c
		_menu_screen   		CODE           	0256	0000	329
		_set_time_screen		CODE           	039F	0000	293
		_power_on_screen		CODE           	002B	0000	88
		_reheat_screen 		CODE           	0E6C	0000	8
		_preheat_screen		CODE           	00DA	0000	36
		_time_up_screen		CODE           	0F6F	0000	71
		_micro_power_screen		CODE           	0FB6	0000	74
		_run_screen    		CODE           	04C4	0000	281

microwave.c estimated size: 1180

main.c
		_main          		CODE           	0689	0000	107
		_isr           		CODE           	0F17	0000	41
		_init_timer_config		CODE           	0E87	0000	11
		_init_config   		CODE           	0EA3	0000	18

main.c estimated size: 177

