Microchip MPLAB XC8 Compiler V3.10

Linker command line:

-W-3 \
  --edf=C:\Program Files\Microchip\xc8\v3.10\pic\dat\20250813170317_en.msgs \
  -cn -h+dist/default/production\microwave.X.production.sym \
  --cmf=dist/default/production\microwave.X.production.cmf -z -Q16F877A \
  -oC:\Users\HP\AppData\Local\Temp\xcAs8sw.0\driver_tmp_3.o \
  --defsym=__MPLAB_BUILD=1 --fixupoverflow=error \
  -Mdist/default/production/microwave.X.production.map \
  --md=C:\Users\HP\AppData\Local\Temp\xcAs8sw.0\driver_tmp_0.dat -E1 \
  -ver=XC8 Compiler -ACODE=00h-07FFhx4 -ASTRCODE=00h-01FFFh \
  -ASTRING=00h-0FFhx32 -ACONST=00h-0FFhx32 -AENTRY=00h-0FFhx32 \
  -ACOMMON=070h-07Fh -ABANK0=020h-06Fh -ABANK1=0A0h-0EFh \
  -ABANK2=0110h-016Fh -ABANK3=0190h-01EFh \
  -ARAM=020h-06Fh,0A0h-0EFh,0110h-016Fh,0190h-01EFh \
  -AABS1=020h-07Fh,0A0h-0EFh,0110h-016Fh,0190h-01EFh -ASFR0=00h-01Fh \
  -ASFR1=080h-09Fh -ASFR2=0100h-010Fh -ASFR3=0180h-018Fh \
  -ACONFIG=02007h-02007h -DCONFIG=2 -AIDLOC=02000h-02003h -DIDLOC=2 \
  -AEEDATA=00h-0FFh/02100h -peeprom_data=EEDATA -DEEDATA=2 -DCODE=2 \
  -DSTRCODE=2 -DSTRING=2 -DCONST=2 -DENTRY=2 \
  -preset_vec=00h,intentry=04h,sivt,init,end_init -ppowerup=CODE \
  -pcinit=CODE -pfunctab=ENTRY -k \
  C:\Users\HP\AppData\Local\Temp\xcAs8sw.0\driver_tmp_12.o \
  dist/default/production\microwave.X.production.o 

Object code version is 3.11

Machine type is 16F877A



                Name                               Link     Load   Length Selector   Space Scale
C:\Users\HP\AppData\Local\Temp\xcAs8sw.0\driver_tmp_12.o
                end_init                              C        C        3        8       0
                reset_vec                             0        0        3        0       0
                config                             2007     2007        1        0       4
dist/default/production\microwave.X.production.o
                cinit                                 F        F       21        8       0
                intentry                              4        4        8        8       0
                config                             2007     2007        1        0       4
                text27                              7D5      7D5       29      7EA       0
                text26                              F4E      F4E       36     1E9C       0
                text25                              6C7      6C7       63      7EA       0
                text24                              E46      E46        B     1C8C       0
                text23                              E51      E51       10     1CA2       0
                text22                              2F5      2F5        B        8       0
                text21                              E72      E72       12     1CE4       0
                text20                              E61      E61       11     1CC2       0
                text19                              F04      F04       25     1E08       0
                text18                              5FF      5FF       65      7EA       0
                text17                              26C      26C       46        8       0
                text16                              EAA      EAA       15     1D54       0
                text15                              781      781       54      7EA       0
                text14                              EBF      EBF       22     1D7E       0
                text13                              4DE      4DE       AC      7EA       0
                text12                              EE1      EE1       23     1DC2       0
                text11                              E36      E36        8     1C6C       0
                text10                              664      664       63      7EA       0
                text9                               72A      72A       57      7EA       0
                text8                               14F      14F      11D        8       0
                text7                               FBE      FBE       42     1F7C       0
                text6                               F84      F84       3A     1F08       0
                text5                               F29      F29       25     1E52       0
                text4                               3F5      3F5       E9      7EA       0
                text3                               E84      E84       13     1D08       0
                text2                                30       30      11F        8       0
                text1                               2B2      2B2       43        8       0
                maintext                            58A      58A       75      7EA       0
                cstackBANK0                          3C       3C        C       20       1
                cstackCOMMON                         70       70        A       70       1
                clrtext                             E3E      E3E        8     1C7C       0
                inittext                            E97      E97       13     1D2E       0
                dataBANK0                            48       48        7       20       1
                bssBANK0                             20       20       1C       20       1
                dataCOMMON                           7B       7B        1       70       1
                bssCOMMON                            7A       7A        1       70       1
                strings                             300      300       F5      600       0
                idataBANK0                          E2F      E2F        7     1C5E       0
                idataCOMMON                         7FE      7FE        1      7EA       0

TOTAL           Name                               Link     Load   Length     Space
        CLASS   CODE           
                end_init                              C        C        3         0
                cinit                                 F        F       21         0
                intentry                              4        4        8         0
                reset_vec                             0        0        3         0
                text27                              7D5      7D5       29         0
                text26                              F4E      F4E       36         0
                text25                              6C7      6C7       63         0
                text24                              E46      E46        B         0
                text23                              E51      E51       10         0
                text22                              2F5      2F5        B         0
                text21                              E72      E72       12         0
                text20                              E61      E61       11         0
                text19                              F04      F04       25         0
                text18                              5FF      5FF       65         0
                text17                              26C      26C       46         0
                text16                              EAA      EAA       15         0
                text15                              781      781       54         0
                text14                              EBF      EBF       22         0
                text13                              4DE      4DE       AC         0
                text12                              EE1      EE1       23         0
                text11                              E36      E36        8         0
                text10                              664      664       63         0
                text9                               72A      72A       57         0
                text8                               14F      14F      11D         0
                text7                               FBE      FBE       42         0
                text6                               F84      F84       3A         0
                text5                               F29      F29       25         0
                text4                               3F5      3F5       E9         0
                text3                               E84      E84       13         0
                text2                                30       30      11F         0
                text1                               2B2      2B2       43         0
                maintext                            58A      58A       75         0
                clrtext                             E3E      E3E        8         0
                inittext                            E97      E97       13         0
                idataBANK0                          E2F      E2F        7         0
                idataCOMMON                         7FE      7FE        1         0

        CLASS   STRCODE        

        CLASS   STRING         
                strings                             300      300       F5         0

        CLASS   CONST          

        CLASS   ENTRY          

        CLASS   COMMON         
                cstackCOMMON                         70       70        A         1
                dataCOMMON                           7B       7B        1         1
                bssCOMMON                            7A       7A        1         1

        CLASS   BANK0          
                cstackBANK0                          3C       3C        C         1
                dataBANK0                            48       48        7         1
                bssBANK0                             20       20       1C         1

        CLASS   BANK1          

        CLASS   BANK2          

        CLASS   BANK3          

        CLASS   RAM            

        CLASS   ABS1           
                abs_s1                               7E       7E        2         1

        CLASS   SFR0           

        CLASS   SFR1           

        CLASS   SFR2           

        CLASS   SFR3           

        CLASS   CONFIG         
                config                             2007     2007        1         4

        CLASS   IDLOC          

        CLASS   EEDATA         

        CLASS   HEAP           

        CLASS   STACK          



SEGMENTS        Name                           Load    Length   Top    Selector   Space  Class     Delta

                reset_vec                      000000  000003  000003         0       0  CODE        2
                intentry                       000004  0002FC  000300         8       0  CODE        2
                bssBANK0                       000020  00002F  00004F        20       1  BANK0       1
                cstackCOMMON                   000070  00000C  00007C        70       1  COMMON      1
                strings                        000300  0000F5  0003F5       600       0  STRING      2
                text4                          0003F5  00040A  0007FF       7EA       0  CODE        2
                idataBANK0                     000E2F  000007  000E36      1C5E       0  CODE        2
                text11                         000E36  000008  000E3E      1C6C       0  CODE        2
                clrtext                        000E3E  000008  000E46      1C7C       0  CODE        2
                text24                         000E46  00000B  000E51      1C8C       0  CODE        2
                text23                         000E51  000010  000E61      1CA2       0  CODE        2
                text20                         000E61  000011  000E72      1CC2       0  CODE        2
                text21                         000E72  000012  000E84      1CE4       0  CODE        2
                text3                          000E84  000013  000E97      1D08       0  CODE        2
                inittext                       000E97  000013  000EAA      1D2E       0  CODE        2
                text16                         000EAA  000015  000EBF      1D54       0  CODE        2
                text14                         000EBF  000022  000EE1      1D7E       0  CODE        2
                text12                         000EE1  000023  000F04      1DC2       0  CODE        2
                text19                         000F04  000025  000F29      1E08       0  CODE        2
                text5                          000F29  000025  000F4E      1E52       0  CODE        2
                text26                         000F4E  000036  000F84      1E9C       0  CODE        2
                text6                          000F84  00003A  000FBE      1F08       0  CODE        2
                text7                          000FBE  000042  001000      1F7C       0  CODE        2


UNUSED ADDRESS RANGES

        Name                Unused          Largest block    Delta
        BANK0            004F-006F             21           1
        BANK1            00A0-00EF             50           1
        BANK2            0110-016F             60           1
        BANK3            0190-01EF             60           1
        CODE             0003-0003              1           2
                         07FF-0E2E              1
                         1000-1FFF            800
        COMMON           007C-007D              2           1
        CONST            0003-0003              1           2
                         07FF-0E2E            100
                         1000-1FFF            100
        EEDATA           2100-21FF            100           2
        ENTRY            0003-0003              1           2
                         07FF-0E2E            100
                         1000-1FFF            100
        IDLOC            2000-2003              4           2
        RAM              004F-006F             21           1
                         00A0-00EF             50
                         0110-016F             60
                         0190-01EF             60
        SFR0             0000-001F             20           1
        SFR1             0080-009F             20           1
        SFR2             0100-010F             10           1
        SFR3             0180-018F             10           1
        STRCODE          0003-0003              1           2
                         07FF-0E2E            630
                         1000-1FFF           1000
        STRING           0003-0003              1           2
                         07FF-0E2E            100
                         1000-1FFF            100

                                  Symbol Table

?___awdiv                        cstackCOMMON 0072
?___awmod                        cstackCOMMON 0072
?___lwdiv                        cstackCOMMON 0072
?___lwmod                        cstackBANK0  003C
?___wmul                         cstackCOMMON 0072
_GIE                             (abs)        005F
_OPTION_REG                      (abs)        0081
_PEIE                            (abs)        005E
_PORTD                           (abs)        0008
_RB0                             (abs)        0030
_RB1                             (abs)        0031
_RB2                             (abs)        0032
_RD0                             (abs)        0040
_RD1                             (abs)        0041
_RD2                             (abs)        0042
_RD3                             (abs)        0043
_RE1                             (abs)        0049
_RE2                             (abs)        004A
_TMR0                            (abs)        0001
_TMR0IE                          (abs)        005D
_TMR0IF                          (abs)        005A
_TRISB                           (abs)        0086
_TRISD                           (abs)        0088
_TRISE1                          (abs)        0449
_TRISE2                          (abs)        044A
__H__absolute__                  __absolute__ 0000
__Habs1                          abs1         0000
__Hbank0                         bank0        0000
__Hbank1                         bank1        0000
__Hbank2                         bank2        0000
__Hbank3                         bank3        0000
__HbssBANK0                      bssBANK0     0000
__HbssCOMMON                     bssCOMMON    0000
__Hcinit                         cinit        0030
__Hclrtext                       clrtext      0000
__Hcode                          code         0000
__Hcommon                        common       0000
__Hconfig                        config       2008
__HcstackBANK0                   cstackBANK0  0000
__HcstackCOMMON                  cstackCOMMON 0000
__HdataBANK0                     dataBANK0    0000
__HdataCOMMON                    dataCOMMON   0000
__Heeprom_data                   eeprom_data  0000
__Hend_init                      end_init     000F
__Hfunctab                       functab      0000
__Hheap                          heap         0000
__HidataBANK0                    idataBANK0   0000
__HidataCOMMON                   idataCOMMON  0000
__Hinit                          init         000C
__Hinittext                      inittext     0000
__Hintentry                      intentry     000C
__Hmaintext                      maintext     0000
__Hpowerup                       powerup      0000
__Hram                           ram          0000
__Hreset_vec                     reset_vec    0003
__Hsfr0                          sfr0         0000
__Hsfr1                          sfr1         0000
__Hsfr2                          sfr2         0000
__Hsfr3                          sfr3         0000
__Hsivt                          sivt         000C
__Hspace_0                       (abs)        1000
__Hspace_1                       (abs)        007C
__Hspace_2                       (abs)        0000
__Hspace_3                       (abs)        0000
__Hspace_4                       (abs)        400F
__Hstack                         stack        0000
__Hstrings                       strings      0000
__Htext                          text         0000
__L__absolute__                  __absolute__ 0000
__Labs1                          abs1         0000
__Lbank0                         bank0        0000
__Lbank1                         bank1        0000
__Lbank2                         bank2        0000
__Lbank3                         bank3        0000
__LbssBANK0                      bssBANK0     0000
__LbssCOMMON                     bssCOMMON    0000
__Lcinit                         cinit        000F
__Lclrtext                       clrtext      0000
__Lcode                          code         0000
__Lcommon                        common       0000
__Lconfig                        config       0000
__LcstackBANK0                   cstackBANK0  0000
__LcstackCOMMON                  cstackCOMMON 0000
__LdataBANK0                     dataBANK0    0000
__LdataCOMMON                    dataCOMMON   0000
__Leeprom_data                   eeprom_data  0000
__Lend_init                      end_init     000C
__Lfunctab                       functab      0000
__Lheap                          heap         0000
__LidataBANK0                    idataBANK0   0000
__LidataCOMMON                   idataCOMMON  0000
__Linit                          init         000C
__Linittext                      inittext     0000
__Lintentry                      intentry     0004
__Lmaintext                      maintext     0000
__Lpowerup                       powerup      0000
__Lram                           ram          0000
__Lreset_vec                     reset_vec    0000
__Lsfr0                          sfr0         0000
__Lsfr1                          sfr1         0000
__Lsfr2                          sfr2         0000
__Lsfr3                          sfr3         0000
__Lsivt                          sivt         000C
__Lspace_0                       (abs)        0000
__Lspace_1                       (abs)        0000
__Lspace_2                       (abs)        0000
__Lspace_3                       (abs)        0000
__Lspace_4                       (abs)        0000
__Lstack                         stack        0000
__Lstrings                       strings      0000
__Ltext                          text         0000
__S0                             (abs)        1000
__S1                             (abs)        007C
__S3                             (abs)        0000
___awdiv                         text10       0664
___awdiv@counter                 cstackCOMMON 0076
___awdiv@dividend                cstackCOMMON 0074
___awdiv@divisor                 cstackCOMMON 0072
___awdiv@quotient                cstackCOMMON 0078
___awdiv@sign                    cstackCOMMON 0077
___awmod                         text9        072A
___awmod@counter                 cstackCOMMON 0076
___awmod@dividend                cstackCOMMON 0074
___awmod@divisor                 cstackCOMMON 0072
___awmod@sign                    cstackCOMMON 0077
___bmul                          text3        0E84
___bmul@multiplicand             cstackCOMMON 0072
___bmul@multiplier               cstackCOMMON 0074
___bmul@product                  cstackCOMMON 0073
___heap_hi                       (abs)        0000
___heap_lo                       (abs)        0000
___int_sp                        stack        0000
___int_stack_hi                  stack        0000
___int_stack_lo                  stack        0000
___latbits                       (abs)        0002
___lwdiv                         text7        0FBE
___lwdiv@counter                 cstackCOMMON 0078
___lwdiv@dividend                cstackCOMMON 0074
___lwdiv@divisor                 cstackCOMMON 0072
___lwdiv@quotient                cstackCOMMON 0076
___lwmod                         text6        0F84
___lwmod@counter                 cstackCOMMON 0079
___lwmod@dividend                cstackBANK0  003E
___lwmod@divisor                 cstackBANK0  003C
___sp                            stack        0000
___stack_hi                      stack        0000
___stack_lo                      stack        0000
___stackhi                       (abs)        0000
___stacklo                       (abs)        0000
___wmul                          text5        0F29
___wmul@multiplicand             cstackCOMMON 0074
___wmul@multiplier               cstackCOMMON 0072
___wmul@product                  cstackCOMMON 0076
__end_of___awdiv                 text10       06C7
__end_of___awmod                 text9        0781
__end_of___bmul                  text3        0E97
__end_of___lwdiv                 text7        1000
__end_of___lwmod                 text6        0FBE
__end_of___wmul                  text5        0F4E
__end_of__initialization         cinit        002C
__end_of__stringtab              strings      0306
__end_of_clcd_clear              text20       0E72
__end_of_clcd_print              text19       0F29
__end_of_clcd_putch              text16       0EBF
__end_of_clcd_write              text26       0F84
__end_of_init_clcd               text24       0E51
__end_of_init_config             text21       0E84
__end_of_init_display_controller text25       072A
__end_of_init_matrix_keypad      text23       0E61
__end_of_init_timer_config       text22       0300
__end_of_isr                     text27       07FE
__end_of_main                    maintext     05FF
__end_of_menu_screen             text18       0664
__end_of_micro_power_screen      text17       02B2
__end_of_power_on_screen         text15       07D5
__end_of_preheat_screen          text14       0EE1
__end_of_read_matrix_keypad      text12       0F04
__end_of_reheat_screen           text11       0E3E
__end_of_run_screen              text8        026C
__end_of_scan_keypad             text13       058A
__end_of_set_temp_screen         text4        04DE
__end_of_set_time_screen         text2        014F
__end_of_time_up_screen          text1        02F5
__initialization                 cinit        000F
__pbssBANK0                      bssBANK0     0020
__pbssCOMMON                     bssCOMMON    007A
__pcstackBANK0                   cstackBANK0  003C
__pcstackCOMMON                  cstackCOMMON 0070
__pdataBANK0                     dataBANK0    0048
__pdataCOMMON                    dataCOMMON   007B
__pidataBANK0                    idataBANK0   0E2F
__pidataCOMMON                   idataCOMMON  07FE
__pintentry                      intentry     0004
__pmaintext                      maintext     058A
__pstrings                       strings      0300
__ptext1                         text1        02B2
__ptext10                        text10       0664
__ptext11                        text11       0E36
__ptext12                        text12       0EE1
__ptext13                        text13       04DE
__ptext14                        text14       0EBF
__ptext15                        text15       0781
__ptext16                        text16       0EAA
__ptext17                        text17       026C
__ptext18                        text18       05FF
__ptext19                        text19       0F04
__ptext2                         text2        0030
__ptext20                        text20       0E61
__ptext21                        text21       0E72
__ptext22                        text22       02F5
__ptext23                        text23       0E51
__ptext24                        text24       0E46
__ptext25                        text25       06C7
__ptext26                        text26       0F4E
__ptext27                        text27       07D5
__ptext3                         text3        0E84
__ptext4                         text4        03F5
__ptext5                         text5        0F29
__ptext6                         text6        0F84
__ptext7                         text7        0FBE
__ptext8                         text8        014F
__ptext9                         text9        072A
__stringbase                     strings      0305
__stringtab                      strings      0300
_clcd_clear                      text20       0E61
_clcd_print                      text19       0F04
_clcd_putch                      text16       0EAA
_clcd_write                      text26       0F4E
_delay_count                     bssBANK0     002A
_init_clcd                       text24       0E46
_init_config                     text21       0E72
_init_display_controller         text25       06C7
_init_matrix_keypad              text23       0E51
_init_timer_config               text22       02F5
_isr                             text27       07D5
_main                            maintext     058A
_menu_pos                        bssBANK0     0033
_menu_screen                     text18       05FF
_micro_power_screen              text17       026C
_minute                          bssBANK0     0039
_mode                            bssBANK0     003A
_nRBPU                           (abs)        040F
_one_sec_flag                    bssBANK0     0034
_paused                          bssBANK0     0035
_power_on_screen                 text15       0781
_preheat_screen                  text14       0EBF
_read_matrix_keypad              text12       0EE1
_reheat_screen                   text11       0E36
_run_screen                      text8        014F
_running                         bssBANK0     0036
_scan_keypad                     text13       04DE
_second                          bssBANK0     0038
_set_temp_screen                 text4        03F5
_set_time_screen                 text2        0030
_state                           bssBANK0     003B
_temp                            bssBANK0     0026
_temp_digit                      bssBANK0     0032
_time_up_screen                  text1        02B2
btemp                            (abs)        007E
btemp0                           (abs)        007E
btemp1                           (abs)        007F
clcd_print@addr                  cstackCOMMON 0077
clcd_print@str                   cstackCOMMON 0076
clcd_putch@addr                  cstackBANK0  0040
clcd_putch@data                  cstackBANK0  0041
clcd_write@byte                  cstackCOMMON 0075
clcd_write@mode                  cstackCOMMON 0072
clear_ram0                       clrtext      0E3E
end_of_initialization            cinit        002C
init_fetch0                      inittext     0E97
init_ram0                        inittext     0E9B
interrupt_function               intentry     0004
intlevel0                        functab      0000
intlevel1                        functab      0000
intlevel2                        functab      0000
intlevel3                        functab      0000
intlevel4                        functab      0000
intlevel5                        functab      0000
isr@ms                           bssBANK0     0028
ltemp0a                          (abs)        0080
main@key                         cstackBANK0  0047
menu_screen@key                  cstackCOMMON 0078
menu_screen@once                 dataBANK0    004D
micro_power_screen@once          dataBANK0    004C
micro_power_screen@time          bssBANK0     0024
power_on_screen@i                bssCOMMON    007A
power_on_screen@once             dataBANK0    004E
read_matrix_keypad@key           cstackCOMMON 0075
read_matrix_keypad@mode          cstackCOMMON 0074
read_matrix_keypad@once          dataCOMMON   007B
reset_vec                        reset_vec    0000
run_screen@key                   cstackBANK0  0044
run_screen@once                  dataBANK0    004A
saved_w                          (abs)        007E
scan_keypad@i                    cstackCOMMON 0072
set_temp_screen@key              cstackBANK0  0043
set_temp_screen@once             dataBANK0    0048
set_temp_screen@value            cstackBANK0  0042
set_time_screen@blink            bssBANK0     002C
set_time_screen@blink_time       bssBANK0     0022
set_time_screen@digit            bssBANK0     0031
set_time_screen@key              cstackBANK0  0042
set_time_screen@mm_t             bssBANK0     0030
set_time_screen@mm_u             bssBANK0     002F
set_time_screen@once             dataBANK0    004B
set_time_screen@ss_t             bssBANK0     002E
set_time_screen@ss_u             bssBANK0     002D
set_time_screen@value            cstackBANK0  0043
start                            init         000C
start_initialization             cinit        000F
time_up_screen@once              dataBANK0    0049
time_up_screen@timer             bssBANK0     0020
ttemp0a                          (abs)        007F
wtemp0                           (abs)        007E
wtemp0a                          (abs)        007F


MODULE INFORMATION

Module		Function		Class		Link	Load	Size
C:\Program Files\Microchip\xc8\v3.10\pic\sources\c99\common\lwmod.c
		___lwmod       		CODE           	0F84	0000	58

C:\Program Files\Microchip\xc8\v3.10\pic\sources\c99\common\lwmod.c estimated size: 58

C:\Program Files\Microchip\xc8\v3.10\pic\sources\c99\common\awmod.c
		___awmod       		CODE           	072A	0000	87

C:\Program Files\Microchip\xc8\v3.10\pic\sources\c99\common\awmod.c estimated size: 87

C:\Program Files\Microchip\xc8\v3.10\pic\sources\c99\common\lwdiv.c
		___lwdiv       		CODE           	0FBE	0000	66

C:\Program Files\Microchip\xc8\v3.10\pic\sources\c99\common\lwdiv.c estimated size: 66

C:\Program Files\Microchip\xc8\v3.10\pic\sources\c99\common\awdiv.c
		___awdiv       		CODE           	0664	0000	99

C:\Program Files\Microchip\xc8\v3.10\pic\sources\c99\common\awdiv.c estimated size: 99

mkp.c
		_init_matrix_keypad		CODE           	0E51	0000	16
		_read_matrix_keypad		CODE           	0EE1	0000	35
		_scan_keypad   		CODE           	04DE	0000	172

mkp.c estimated size: 223

C:\Program Files\Microchip\xc8\v3.10\pic\sources\c99\common\Umul8.c
		___bmul        		CODE           	0E84	0000	19

C:\Program Files\Microchip\xc8\v3.10\pic\sources\c99\common\Umul8.c estimated size: 19

shared
		__stringtab    		STRING         	0300	0000	6
		__initialization		CODE           	000F	0000	29

shared estimated size: 35

clcd.c
		_clcd_clear    		CODE           	0E61	0000	17
		_clcd_write    		CODE           	0F4E	0000	54
		_clcd_print    		CODE           	0F04	0000	37
		_clcd_putch    		CODE           	0EAA	0000	21
		_init_display_controller		CODE           	06C7	0000	99
		_init_clcd     		CODE           	0E46	0000	11

clcd.c estimated size: 239

microwave.c
		_menu_screen   		CODE           	05FF	0000	101
		_set_time_screen		CODE           	0030	0000	287
		_power_on_screen		CODE           	0781	0000	84
		_reheat_screen 		CODE           	0E36	0000	8
		_preheat_screen		CODE           	0EBF	0000	34
		_time_up_screen		CODE           	02B2	0000	67
		_set_temp_screen		CODE           	03F5	0000	233
		_micro_power_screen		CODE           	026C	0000	70
		_run_screen    		CODE           	014F	0000	285

microwave.c estimated size: 1169

main.c
		_main          		CODE           	058A	0000	117
		_isr           		CODE           	07D5	0000	41
		_init_timer_config		CODE           	02F5	0000	11
		_init_config   		CODE           	0E72	0000	18

main.c estimated size: 187

C:\Program Files\Microchip\xc8\v3.10\pic\sources\c99\common\Umul16.c
		___wmul        		CODE           	0F29	0000	37

C:\Program Files\Microchip\xc8\v3.10\pic\sources\c99\common\Umul16.c estimated size: 37

